// Jest Snapshot v1, https://goo.gl/fbAQLP

exports[`returns a notice if the type is warning 1`] = `
<DocumentFragment>
  <div
    class="jetpack-instant-search__notice jetpack-instant-search__notice--warning"
  >
    <svg
      class="gridicon gridicons-info "
      height="20"
      viewBox="0 0 24 24"
      width="20"
      xmlns="http://www.w3.org/2000/svg"
    >
      <g>
        <path
          d="M12 2C6.477 2 2 6.477 2 12s4.477 10 10 10 10-4.477 10-10S17.523 2 12 2zm1 15h-2v-6h2v6zm0-8h-2V7h2v2z"
        />
      </g>
    </svg>
  </div>
</DocumentFragment>
`;
