<?php
/**
 * A function.
 *
 * @param string $p1 Parameter 1.
 * @param array $p2 Parameter 2.
 * @return ?object Some object.
 */
function a_function($p1, $p2)
{
}
/**
 * Another function.
 *
 * @return never
 * @throws Exception Always.
 */
function another_function()
{
}
function undocumented_function($args)
{
}
